// Jest Snapshot v1, https://goo.gl/fbAQLP

exports[`<Header /> Header matches snapshot 1`] = `
<body>
  <div>
    <header
      class="Header"
    >
      Header
    </header>
  </div>
</body>
`;
